------------------------------------------------------------
Timing Analyzer Summary
------------------------------------------------------------

Type  : Slow 1100mV 85C Model Setup 'CLOCK_50'
Slack : -3.484
TNS   : -85.091

Type  : Slow 1100mV 85C Model Setup 'controller:c0|current_state.S_LOAD_X_WAIT'
Slack : -3.261
TNS   : -3.261

Type  : Slow 1100mV 85C Model Setup 'VGA|mypll|altpll_component|auto_generated|generic_pll1~PLL_OUTPUT_COUNTER|divclk'
Slack : 35.612
TNS   : 0.000

Type  : Slow 1100mV 85C Model Hold 'CLOCK_50'
Slack : 0.364
TNS   : 0.000

Type  : Slow 1100mV 85C Model Hold 'VGA|mypll|altpll_component|auto_generated|generic_pll1~PLL_OUTPUT_COUNTER|divclk'
Slack : 0.444
TNS   : 0.000

Type  : Slow 1100mV 85C Model Hold 'controller:c0|current_state.S_LOAD_X_WAIT'
Slack : 2.382
TNS   : 0.000

Type  : Slow 1100mV 85C Model Minimum Pulse Width 'controller:c0|current_state.S_LOAD_X_WAIT'
Slack : 0.428
TNS   : 0.000

Type  : Slow 1100mV 85C Model Minimum Pulse Width 'VGA|mypll|altpll_component|auto_generated|generic_pll1~FRACTIONAL_PLL|vcoph[0]'
Slack : 1.666
TNS   : 0.000

Type  : Slow 1100mV 85C Model Minimum Pulse Width 'CLOCK_50'
Slack : 8.865
TNS   : 0.000

Type  : Slow 1100mV 85C Model Minimum Pulse Width 'VGA|mypll|altpll_component|auto_generated|generic_pll1~PLL_OUTPUT_COUNTER|divclk'
Slack : 18.766
TNS   : 0.000

Type  : Slow 1100mV 0C Model Setup 'controller:c0|current_state.S_LOAD_X_WAIT'
Slack : -3.279
TNS   : -3.279

Type  : Slow 1100mV 0C Model Setup 'CLOCK_50'
Slack : -3.223
TNS   : -76.956

Type  : Slow 1100mV 0C Model Setup 'VGA|mypll|altpll_component|auto_generated|generic_pll1~PLL_OUTPUT_COUNTER|divclk'
Slack : 35.681
TNS   : 0.000

Type  : Slow 1100mV 0C Model Hold 'CLOCK_50'
Slack : 0.318
TNS   : 0.000

Type  : Slow 1100mV 0C Model Hold 'VGA|mypll|altpll_component|auto_generated|generic_pll1~PLL_OUTPUT_COUNTER|divclk'
Slack : 0.325
TNS   : 0.000

Type  : Slow 1100mV 0C Model Hold 'controller:c0|current_state.S_LOAD_X_WAIT'
Slack : 2.366
TNS   : 0.000

Type  : Slow 1100mV 0C Model Minimum Pulse Width 'controller:c0|current_state.S_LOAD_X_WAIT'
Slack : 0.399
TNS   : 0.000

Type  : Slow 1100mV 0C Model Minimum Pulse Width 'VGA|mypll|altpll_component|auto_generated|generic_pll1~FRACTIONAL_PLL|vcoph[0]'
Slack : 1.666
TNS   : 0.000

Type  : Slow 1100mV 0C Model Minimum Pulse Width 'CLOCK_50'
Slack : 8.828
TNS   : 0.000

Type  : Slow 1100mV 0C Model Minimum Pulse Width 'VGA|mypll|altpll_component|auto_generated|generic_pll1~PLL_OUTPUT_COUNTER|divclk'
Slack : 18.748
TNS   : 0.000

Type  : Fast 1100mV 85C Model Setup 'CLOCK_50'
Slack : -2.615
TNS   : -59.143

Type  : Fast 1100mV 85C Model Setup 'controller:c0|current_state.S_LOAD_X_WAIT'
Slack : -1.379
TNS   : -1.379

Type  : Fast 1100mV 85C Model Setup 'VGA|mypll|altpll_component|auto_generated|generic_pll1~PLL_OUTPUT_COUNTER|divclk'
Slack : 37.406
TNS   : 0.000

Type  : Fast 1100mV 85C Model Hold 'CLOCK_50'
Slack : 0.178
TNS   : 0.000

Type  : Fast 1100mV 85C Model Hold 'VGA|mypll|altpll_component|auto_generated|generic_pll1~PLL_OUTPUT_COUNTER|divclk'
Slack : 0.243
TNS   : 0.000

Type  : Fast 1100mV 85C Model Hold 'controller:c0|current_state.S_LOAD_X_WAIT'
Slack : 1.362
TNS   : 0.000

Type  : Fast 1100mV 85C Model Minimum Pulse Width 'controller:c0|current_state.S_LOAD_X_WAIT'
Slack : 0.471
TNS   : 0.000

Type  : Fast 1100mV 85C Model Minimum Pulse Width 'VGA|mypll|altpll_component|auto_generated|generic_pll1~FRACTIONAL_PLL|vcoph[0]'
Slack : 1.666
TNS   : 0.000

Type  : Fast 1100mV 85C Model Minimum Pulse Width 'CLOCK_50'
Slack : 8.809
TNS   : 0.000

Type  : Fast 1100mV 85C Model Minimum Pulse Width 'VGA|mypll|altpll_component|auto_generated|generic_pll1~PLL_OUTPUT_COUNTER|divclk'
Slack : 18.888
TNS   : 0.000

Type  : Fast 1100mV 0C Model Setup 'CLOCK_50'
Slack : -2.027
TNS   : -44.627

Type  : Fast 1100mV 0C Model Setup 'controller:c0|current_state.S_LOAD_X_WAIT'
Slack : -1.301
TNS   : -1.301

Type  : Fast 1100mV 0C Model Setup 'VGA|mypll|altpll_component|auto_generated|generic_pll1~PLL_OUTPUT_COUNTER|divclk'
Slack : 37.652
TNS   : 0.000

Type  : Fast 1100mV 0C Model Hold 'CLOCK_50'
Slack : 0.168
TNS   : 0.000

Type  : Fast 1100mV 0C Model Hold 'VGA|mypll|altpll_component|auto_generated|generic_pll1~PLL_OUTPUT_COUNTER|divclk'
Slack : 0.215
TNS   : 0.000

Type  : Fast 1100mV 0C Model Hold 'controller:c0|current_state.S_LOAD_X_WAIT'
Slack : 1.319
TNS   : 0.000

Type  : Fast 1100mV 0C Model Minimum Pulse Width 'controller:c0|current_state.S_LOAD_X_WAIT'
Slack : 0.479
TNS   : 0.000

Type  : Fast 1100mV 0C Model Minimum Pulse Width 'VGA|mypll|altpll_component|auto_generated|generic_pll1~FRACTIONAL_PLL|vcoph[0]'
Slack : 1.666
TNS   : 0.000

Type  : Fast 1100mV 0C Model Minimum Pulse Width 'CLOCK_50'
Slack : 8.802
TNS   : 0.000

Type  : Fast 1100mV 0C Model Minimum Pulse Width 'VGA|mypll|altpll_component|auto_generated|generic_pll1~PLL_OUTPUT_COUNTER|divclk'
Slack : 18.886
TNS   : 0.000

------------------------------------------------------------
